// Jest Snapshot v1, https://goo.gl/fbAQLP

exports[`test navbar render 1`] = `
<div>
  <h1
    className="title"
  >
    CryptoCurrency Tracker
  </h1>
  <div
    className="search"
  >
    <input
      className="search-input"
      onChange={[Function]}
      placeholder="Search coin..."
      type="text"
      value=""
    />
  </div>
  <ul
    className="currency-container"
  />
</div>
`;
